
joystick.elf:     file format elf32-littleriscv


Disassembly of section .init:

00000000 <InterruptVector>:
   0:	2cf0006f          	j	ace <handle_reset>
   4:	00000000          	.word	0x00000000
   8:	00000b44          	.word	0x00000b44
   c:	00000b42          	.word	0x00000b42
	...
  30:	00000b42          	.word	0x00000b42
  34:	00000000          	.word	0x00000000
  38:	00000b42          	.word	0x00000b42
  3c:	00000000          	.word	0x00000000
  40:	00000b42          	.word	0x00000b42
  44:	00000b42          	.word	0x00000b42
  48:	00000b42          	.word	0x00000b42
  4c:	00000b42          	.word	0x00000b42
  50:	00000b42          	.word	0x00000b42
  54:	00000b42          	.word	0x00000b42
  58:	00000b42          	.word	0x00000b42
  5c:	00000b42          	.word	0x00000b42
  60:	00000b42          	.word	0x00000b42
  64:	00000b42          	.word	0x00000b42
  68:	00000b42          	.word	0x00000b42
  6c:	00000b42          	.word	0x00000b42
  70:	00000b42          	.word	0x00000b42
  74:	00000b42          	.word	0x00000b42
  78:	00000b42          	.word	0x00000b42
  7c:	00000b42          	.word	0x00000b42
  80:	00000b42          	.word	0x00000b42
  84:	00000b42          	.word	0x00000b42
  88:	00000b42          	.word	0x00000b42
  8c:	00000b42          	.word	0x00000b42
  90:	00000b42          	.word	0x00000b42
  94:	00000b42          	.word	0x00000b42
  98:	00000b42          	.word	0x00000b42
  9c:	0000                	.insn	2, 0x
	...

Disassembly of section .text:

000000a0 <__divsf3>:
      a0:	fd810113          	addi	sp,sp,-40
      a4:	01755693          	srli	a3,a0,0x17
      a8:	ce26                	sw	s1,28(sp)
      aa:	00951793          	slli	a5,a0,0x9
      ae:	d206                	sw	ra,36(sp)
      b0:	d022                	sw	s0,32(sp)
      b2:	0ff6f693          	zext.b	a3,a3
      b6:	83a5                	srli	a5,a5,0x9
      b8:	01f55493          	srli	s1,a0,0x1f
      bc:	c2ad                	beqz	a3,11e <__divsf3+0x7e>
      be:	0ff00713          	li	a4,255
      c2:	06e68e63          	beq	a3,a4,13e <__divsf3+0x9e>
      c6:	078e                	slli	a5,a5,0x3
      c8:	04000737          	lui	a4,0x4000
      cc:	8fd9                	or	a5,a5,a4
      ce:	f8168693          	addi	a3,a3,-127
      d2:	4301                	li	t1,0
      d4:	0175d613          	srli	a2,a1,0x17
      d8:	00959413          	slli	s0,a1,0x9
      dc:	0ff67613          	zext.b	a2,a2
      e0:	8025                	srli	s0,s0,0x9
      e2:	81fd                	srli	a1,a1,0x1f
      e4:	c635                	beqz	a2,150 <__divsf3+0xb0>
      e6:	0ff00713          	li	a4,255
      ea:	08e60763          	beq	a2,a4,178 <__divsf3+0xd8>
      ee:	040e                	slli	s0,s0,0x3
      f0:	04000737          	lui	a4,0x4000
      f4:	8c59                	or	s0,s0,a4
      f6:	f8160613          	addi	a2,a2,-127
      fa:	4501                	li	a0,0
      fc:	8e91                	sub	a3,a3,a2
      fe:	00231613          	slli	a2,t1,0x2
     102:	8e49                	or	a2,a2,a0
     104:	167d                	addi	a2,a2,-1
     106:	42b9                	li	t0,14
     108:	00b4c733          	xor	a4,s1,a1
     10c:	08c2ee63          	bltu	t0,a2,1a8 <__divsf3+0x108>
     110:	6285                	lui	t0,0x1
     112:	060a                	slli	a2,a2,0x2
     114:	ef028293          	addi	t0,t0,-272 # ef0 <main+0x120>
     118:	9616                	add	a2,a2,t0
     11a:	4210                	lw	a2,0(a2)
     11c:	8602                	jr	a2
     11e:	c795                	beqz	a5,14a <__divsf3+0xaa>
     120:	853e                	mv	a0,a5
     122:	c22e                	sw	a1,4(sp)
     124:	c03e                	sw	a5,0(sp)
     126:	2d11                	jal	73a <__clzsi2>
     128:	4782                	lw	a5,0(sp)
     12a:	ffb50713          	addi	a4,a0,-5
     12e:	f8a00693          	li	a3,-118
     132:	4592                	lw	a1,4(sp)
     134:	00e797b3          	sll	a5,a5,a4
     138:	8e89                	sub	a3,a3,a0
     13a:	4301                	li	t1,0
     13c:	bf61                	j	d4 <__divsf3+0x34>
     13e:	0ff00693          	li	a3,255
     142:	430d                	li	t1,3
     144:	fbc1                	bnez	a5,d4 <__divsf3+0x34>
     146:	4309                	li	t1,2
     148:	b771                	j	d4 <__divsf3+0x34>
     14a:	4681                	li	a3,0
     14c:	4305                	li	t1,1
     14e:	b759                	j	d4 <__divsf3+0x34>
     150:	c815                	beqz	s0,184 <__divsf3+0xe4>
     152:	8522                	mv	a0,s0
     154:	c63e                	sw	a5,12(sp)
     156:	c436                	sw	a3,8(sp)
     158:	c21a                	sw	t1,4(sp)
     15a:	c02e                	sw	a1,0(sp)
     15c:	2bf9                	jal	73a <__clzsi2>
     15e:	ffb50713          	addi	a4,a0,-5
     162:	f8a00613          	li	a2,-118
     166:	8e09                	sub	a2,a2,a0
     168:	4582                	lw	a1,0(sp)
     16a:	4312                	lw	t1,4(sp)
     16c:	46a2                	lw	a3,8(sp)
     16e:	47b2                	lw	a5,12(sp)
     170:	00e41433          	sll	s0,s0,a4
     174:	4501                	li	a0,0
     176:	b759                	j	fc <__divsf3+0x5c>
     178:	0ff00613          	li	a2,255
     17c:	450d                	li	a0,3
     17e:	fc3d                	bnez	s0,fc <__divsf3+0x5c>
     180:	4509                	li	a0,2
     182:	bfad                	j	fc <__divsf3+0x5c>
     184:	4601                	li	a2,0
     186:	4505                	li	a0,1
     188:	bf95                	j	fc <__divsf3+0x5c>
     18a:	8726                	mv	a4,s1
     18c:	843e                	mv	s0,a5
     18e:	851a                	mv	a0,t1
     190:	4789                	li	a5,2
     192:	18f50b63          	beq	a0,a5,328 <__divsf3+0x288>
     196:	478d                	li	a5,3
     198:	18f50263          	beq	a0,a5,31c <__divsf3+0x27c>
     19c:	4785                	li	a5,1
     19e:	0cf51c63          	bne	a0,a5,276 <__divsf3+0x1d6>
     1a2:	4781                	li	a5,0
     1a4:	4501                	li	a0,0
     1a6:	a229                	j	2b0 <__divsf3+0x210>
     1a8:	00541613          	slli	a2,s0,0x5
     1ac:	1087fe63          	bgeu	a5,s0,2c8 <__divsf3+0x228>
     1b0:	16fd                	addi	a3,a3,-1
     1b2:	4381                	li	t2,0
     1b4:	c83a                	sw	a4,16(sp)
     1b6:	01065713          	srli	a4,a2,0x10
     1ba:	c03a                	sw	a4,0(sp)
     1bc:	4582                	lw	a1,0(sp)
     1be:	6441                	lui	s0,0x10
     1c0:	147d                	addi	s0,s0,-1 # ffff <lib_gpioctrl.c.3fa61c1f+0xdc16>
     1c2:	00867733          	and	a4,a2,s0
     1c6:	853e                	mv	a0,a5
     1c8:	cc36                	sw	a3,24(sp)
     1ca:	ca1e                	sw	t2,20(sp)
     1cc:	c632                	sw	a2,12(sp)
     1ce:	c23a                	sw	a4,4(sp)
     1d0:	c43e                	sw	a5,8(sp)
     1d2:	29cd                	jal	6c4 <__hidden___udivsi3>
     1d4:	85aa                	mv	a1,a0
     1d6:	842a                	mv	s0,a0
     1d8:	4512                	lw	a0,4(sp)
     1da:	21e9                	jal	6a4 <__mulsi3>
     1dc:	47a2                	lw	a5,8(sp)
     1de:	4582                	lw	a1,0(sp)
     1e0:	84aa                	mv	s1,a0
     1e2:	853e                	mv	a0,a5
     1e4:	2331                	jal	6f0 <__umodsi3>
     1e6:	43d2                	lw	t2,20(sp)
     1e8:	0542                	slli	a0,a0,0x10
     1ea:	4632                	lw	a2,12(sp)
     1ec:	0103d593          	srli	a1,t2,0x10
     1f0:	8dc9                	or	a1,a1,a0
     1f2:	4742                	lw	a4,16(sp)
     1f4:	46e2                	lw	a3,24(sp)
     1f6:	87a2                	mv	a5,s0
     1f8:	0095fc63          	bgeu	a1,s1,210 <__divsf3+0x170>
     1fc:	95b2                	add	a1,a1,a2
     1fe:	fff40793          	addi	a5,s0,-1
     202:	00c5e763          	bltu	a1,a2,210 <__divsf3+0x170>
     206:	0095f563          	bgeu	a1,s1,210 <__divsf3+0x170>
     20a:	ffe40793          	addi	a5,s0,-2
     20e:	95b2                	add	a1,a1,a2
     210:	c83e                	sw	a5,16(sp)
     212:	409587b3          	sub	a5,a1,s1
     216:	4582                	lw	a1,0(sp)
     218:	853e                	mv	a0,a5
     21a:	843e                	mv	s0,a5
     21c:	ca36                	sw	a3,20(sp)
     21e:	c63a                	sw	a4,12(sp)
     220:	cc32                	sw	a2,24(sp)
     222:	214d                	jal	6c4 <__hidden___udivsi3>
     224:	85aa                	mv	a1,a0
     226:	c42a                	sw	a0,8(sp)
     228:	4512                	lw	a0,4(sp)
     22a:	29ad                	jal	6a4 <__mulsi3>
     22c:	4582                	lw	a1,0(sp)
     22e:	84aa                	mv	s1,a0
     230:	8522                	mv	a0,s0
     232:	297d                	jal	6f0 <__umodsi3>
     234:	43a2                	lw	t2,8(sp)
     236:	01051313          	slli	t1,a0,0x10
     23a:	4732                	lw	a4,12(sp)
     23c:	47c2                	lw	a5,16(sp)
     23e:	46d2                	lw	a3,20(sp)
     240:	859e                	mv	a1,t2
     242:	02937163          	bgeu	t1,s1,264 <__divsf3+0x1c4>
     246:	4662                	lw	a2,24(sp)
     248:	fff38593          	addi	a1,t2,-1
     24c:	00c30533          	add	a0,t1,a2
     250:	00653433          	sltu	s0,a0,t1
     254:	832a                	mv	t1,a0
     256:	e419                	bnez	s0,264 <__divsf3+0x1c4>
     258:	00957663          	bgeu	a0,s1,264 <__divsf3+0x1c4>
     25c:	ffe38593          	addi	a1,t2,-2
     260:	00c50333          	add	t1,a0,a2
     264:	01079413          	slli	s0,a5,0x10
     268:	40930333          	sub	t1,t1,s1
     26c:	8c4d                	or	s0,s0,a1
     26e:	00603333          	snez	t1,t1
     272:	00646433          	or	s0,s0,t1
     276:	07f68513          	addi	a0,a3,127
     27a:	04a05d63          	blez	a0,2d4 <__divsf3+0x234>
     27e:	00747793          	andi	a5,s0,7
     282:	c799                	beqz	a5,290 <__divsf3+0x1f0>
     284:	00f47793          	andi	a5,s0,15
     288:	4611                	li	a2,4
     28a:	00c78363          	beq	a5,a2,290 <__divsf3+0x1f0>
     28e:	0411                	addi	s0,s0,4
     290:	080007b7          	lui	a5,0x8000
     294:	8fe1                	and	a5,a5,s0
     296:	c799                	beqz	a5,2a4 <__divsf3+0x204>
     298:	f80007b7          	lui	a5,0xf8000
     29c:	17fd                	addi	a5,a5,-1 # f7ffffff <__global_pointer$+0xd7fff7ff>
     29e:	8c7d                	and	s0,s0,a5
     2a0:	08068513          	addi	a0,a3,128
     2a4:	0fe00793          	li	a5,254
     2a8:	08a7c063          	blt	a5,a0,328 <__divsf3+0x288>
     2ac:	00345793          	srli	a5,s0,0x3
     2b0:	5092                	lw	ra,36(sp)
     2b2:	5402                	lw	s0,32(sp)
     2b4:	07a6                	slli	a5,a5,0x9
     2b6:	055e                	slli	a0,a0,0x17
     2b8:	83a5                	srli	a5,a5,0x9
     2ba:	8d5d                	or	a0,a0,a5
     2bc:	077e                	slli	a4,a4,0x1f
     2be:	44f2                	lw	s1,28(sp)
     2c0:	8d59                	or	a0,a0,a4
     2c2:	02810113          	addi	sp,sp,40
     2c6:	8082                	ret
     2c8:	01f79393          	slli	t2,a5,0x1f
     2cc:	8385                	srli	a5,a5,0x1
     2ce:	b5dd                	j	1b4 <__divsf3+0x114>
     2d0:	872e                	mv	a4,a1
     2d2:	bd7d                	j	190 <__divsf3+0xf0>
     2d4:	4605                	li	a2,1
     2d6:	c519                	beqz	a0,2e4 <__divsf3+0x244>
     2d8:	8e09                	sub	a2,a2,a0
     2da:	45ed                	li	a1,27
     2dc:	4781                	li	a5,0
     2de:	4501                	li	a0,0
     2e0:	fcc5c8e3          	blt	a1,a2,2b0 <__divsf3+0x210>
     2e4:	09e68693          	addi	a3,a3,158
     2e8:	00c45633          	srl	a2,s0,a2
     2ec:	00d41433          	sll	s0,s0,a3
     2f0:	00803433          	snez	s0,s0
     2f4:	008667b3          	or	a5,a2,s0
     2f8:	0077f693          	andi	a3,a5,7
     2fc:	c699                	beqz	a3,30a <__divsf3+0x26a>
     2fe:	00f7f693          	andi	a3,a5,15
     302:	4611                	li	a2,4
     304:	00c68363          	beq	a3,a2,30a <__divsf3+0x26a>
     308:	0791                	addi	a5,a5,4
     30a:	040006b7          	lui	a3,0x4000
     30e:	8efd                	and	a3,a3,a5
     310:	838d                	srli	a5,a5,0x3
     312:	e80689e3          	beqz	a3,1a4 <__divsf3+0x104>
     316:	4781                	li	a5,0
     318:	4505                	li	a0,1
     31a:	bf59                	j	2b0 <__divsf3+0x210>
     31c:	004007b7          	lui	a5,0x400
     320:	0ff00513          	li	a0,255
     324:	4701                	li	a4,0
     326:	b769                	j	2b0 <__divsf3+0x210>
     328:	4781                	li	a5,0
     32a:	0ff00513          	li	a0,255
     32e:	b749                	j	2b0 <__divsf3+0x210>

00000330 <__mulsf3>:
     330:	1111                	addi	sp,sp,-28
     332:	01755293          	srli	t0,a0,0x17
     336:	ca22                	sw	s0,20(sp)
     338:	c826                	sw	s1,16(sp)
     33a:	00951713          	slli	a4,a0,0x9
     33e:	cc06                	sw	ra,24(sp)
     340:	0ff2f293          	zext.b	t0,t0
     344:	84ae                	mv	s1,a1
     346:	8325                	srli	a4,a4,0x9
     348:	01f55413          	srli	s0,a0,0x1f
     34c:	12028b63          	beqz	t0,482 <__mulsf3+0x152>
     350:	0ff00793          	li	a5,255
     354:	14f28563          	beq	t0,a5,49e <__mulsf3+0x16e>
     358:	070e                	slli	a4,a4,0x3
     35a:	040007b7          	lui	a5,0x4000
     35e:	8f5d                	or	a4,a4,a5
     360:	f8128293          	addi	t0,t0,-127
     364:	4601                	li	a2,0
     366:	0174d693          	srli	a3,s1,0x17
     36a:	00949793          	slli	a5,s1,0x9
     36e:	0ff6f693          	zext.b	a3,a3
     372:	83a5                	srli	a5,a5,0x9
     374:	80fd                	srli	s1,s1,0x1f
     376:	12068e63          	beqz	a3,4b2 <__mulsf3+0x182>
     37a:	0ff00593          	li	a1,255
     37e:	14b68e63          	beq	a3,a1,4da <__mulsf3+0x1aa>
     382:	040005b7          	lui	a1,0x4000
     386:	078e                	slli	a5,a5,0x3
     388:	8fcd                	or	a5,a5,a1
     38a:	f8168693          	addi	a3,a3,-127 # 3ffff81 <lib_gpioctrl.c.3fa61c1f+0x3ffdb98>
     38e:	4581                	li	a1,0
     390:	9696                	add	a3,a3,t0
     392:	c036                	sw	a3,0(sp)
     394:	00168293          	addi	t0,a3,1
     398:	00261693          	slli	a3,a2,0x2
     39c:	8ecd                	or	a3,a3,a1
     39e:	4529                	li	a0,10
     3a0:	00944333          	xor	t1,s0,s1
     3a4:	16d54f63          	blt	a0,a3,522 <__mulsf3+0x1f2>
     3a8:	4509                	li	a0,2
     3aa:	14d54263          	blt	a0,a3,4ee <__mulsf3+0x1be>
     3ae:	16fd                	addi	a3,a3,-1
     3b0:	4605                	li	a2,1
     3b2:	14d67c63          	bgeu	a2,a3,50a <__mulsf3+0x1da>
     3b6:	64c1                	lui	s1,0x10
     3b8:	01075693          	srli	a3,a4,0x10
     3bc:	fff48393          	addi	t2,s1,-1 # ffff <lib_gpioctrl.c.3fa61c1f+0xdc16>
     3c0:	c236                	sw	a3,4(sp)
     3c2:	00777733          	and	a4,a4,t2
     3c6:	0107d693          	srli	a3,a5,0x10
     3ca:	0077f7b3          	and	a5,a5,t2
     3ce:	c436                	sw	a3,8(sp)
     3d0:	853a                	mv	a0,a4
     3d2:	85be                	mv	a1,a5
     3d4:	2cc1                	jal	6a4 <__mulsi3>
     3d6:	842a                	mv	s0,a0
     3d8:	45a2                	lw	a1,8(sp)
     3da:	853a                	mv	a0,a4
     3dc:	24e1                	jal	6a4 <__mulsi3>
     3de:	872a                	mv	a4,a0
     3e0:	85be                	mv	a1,a5
     3e2:	4512                	lw	a0,4(sp)
     3e4:	24c1                	jal	6a4 <__mulsi3>
     3e6:	87aa                	mv	a5,a0
     3e8:	45a2                	lw	a1,8(sp)
     3ea:	4512                	lw	a0,4(sp)
     3ec:	2c65                	jal	6a4 <__mulsi3>
     3ee:	01045693          	srli	a3,s0,0x10
     3f2:	973e                	add	a4,a4,a5
     3f4:	9736                	add	a4,a4,a3
     3f6:	00f77363          	bgeu	a4,a5,3fc <__mulsf3+0xcc>
     3fa:	9526                	add	a0,a0,s1
     3fc:	007777b3          	and	a5,a4,t2
     400:	007476b3          	and	a3,s0,t2
     404:	07c2                	slli	a5,a5,0x10
     406:	97b6                	add	a5,a5,a3
     408:	00679693          	slli	a3,a5,0x6
     40c:	00d036b3          	snez	a3,a3
     410:	83e9                	srli	a5,a5,0x1a
     412:	8edd                	or	a3,a3,a5
     414:	01075793          	srli	a5,a4,0x10
     418:	97aa                	add	a5,a5,a0
     41a:	079a                	slli	a5,a5,0x6
     41c:	8fd5                	or	a5,a5,a3
     41e:	08000737          	lui	a4,0x8000
     422:	8f7d                	and	a4,a4,a5
     424:	10070963          	beqz	a4,536 <__mulsf3+0x206>
     428:	0017d713          	srli	a4,a5,0x1
     42c:	8b85                	andi	a5,a5,1
     42e:	8fd9                	or	a5,a5,a4
     430:	07f28513          	addi	a0,t0,127
     434:	10a05363          	blez	a0,53a <__mulsf3+0x20a>
     438:	0077f713          	andi	a4,a5,7
     43c:	c719                	beqz	a4,44a <__mulsf3+0x11a>
     43e:	00f7f713          	andi	a4,a5,15
     442:	4691                	li	a3,4
     444:	00d70363          	beq	a4,a3,44a <__mulsf3+0x11a>
     448:	0791                	addi	a5,a5,4 # 4000004 <lib_gpioctrl.c.3fa61c1f+0x3ffdc1b>
     44a:	08000737          	lui	a4,0x8000
     44e:	8f7d                	and	a4,a4,a5
     450:	c719                	beqz	a4,45e <__mulsf3+0x12e>
     452:	f8000737          	lui	a4,0xf8000
     456:	177d                	addi	a4,a4,-1 # f7ffffff <__global_pointer$+0xd7fff7ff>
     458:	8ff9                	and	a5,a5,a4
     45a:	08028513          	addi	a0,t0,128
     45e:	0fe00713          	li	a4,254
     462:	12a74563          	blt	a4,a0,58c <__mulsf3+0x25c>
     466:	0037d713          	srli	a4,a5,0x3
     46a:	40e2                	lw	ra,24(sp)
     46c:	4452                	lw	s0,20(sp)
     46e:	0726                	slli	a4,a4,0x9
     470:	055e                	slli	a0,a0,0x17
     472:	8325                	srli	a4,a4,0x9
     474:	8d59                	or	a0,a0,a4
     476:	037e                	slli	t1,t1,0x1f
     478:	44c2                	lw	s1,16(sp)
     47a:	00656533          	or	a0,a0,t1
     47e:	0171                	addi	sp,sp,28
     480:	8082                	ret
     482:	c70d                	beqz	a4,4ac <__mulsf3+0x17c>
     484:	853a                	mv	a0,a4
     486:	c03a                	sw	a4,0(sp)
     488:	2c4d                	jal	73a <__clzsi2>
     48a:	4702                	lw	a4,0(sp)
     48c:	ffb50793          	addi	a5,a0,-5
     490:	f8a00293          	li	t0,-118
     494:	00f71733          	sll	a4,a4,a5
     498:	40a282b3          	sub	t0,t0,a0
     49c:	b5e1                	j	364 <__mulsf3+0x34>
     49e:	0ff00293          	li	t0,255
     4a2:	460d                	li	a2,3
     4a4:	ec0711e3          	bnez	a4,366 <__mulsf3+0x36>
     4a8:	4609                	li	a2,2
     4aa:	bd75                	j	366 <__mulsf3+0x36>
     4ac:	4281                	li	t0,0
     4ae:	4605                	li	a2,1
     4b0:	bd5d                	j	366 <__mulsf3+0x36>
     4b2:	cb9d                	beqz	a5,4e8 <__mulsf3+0x1b8>
     4b4:	853e                	mv	a0,a5
     4b6:	c63a                	sw	a4,12(sp)
     4b8:	c416                	sw	t0,8(sp)
     4ba:	c232                	sw	a2,4(sp)
     4bc:	c03e                	sw	a5,0(sp)
     4be:	2cb5                	jal	73a <__clzsi2>
     4c0:	4782                	lw	a5,0(sp)
     4c2:	ffb50693          	addi	a3,a0,-5
     4c6:	4612                	lw	a2,4(sp)
     4c8:	00d797b3          	sll	a5,a5,a3
     4cc:	f8a00693          	li	a3,-118
     4d0:	42a2                	lw	t0,8(sp)
     4d2:	4732                	lw	a4,12(sp)
     4d4:	8e89                	sub	a3,a3,a0
     4d6:	4581                	li	a1,0
     4d8:	bd65                	j	390 <__mulsf3+0x60>
     4da:	0ff00693          	li	a3,255
     4de:	458d                	li	a1,3
     4e0:	ea0798e3          	bnez	a5,390 <__mulsf3+0x60>
     4e4:	4589                	li	a1,2
     4e6:	b56d                	j	390 <__mulsf3+0x60>
     4e8:	4681                	li	a3,0
     4ea:	4585                	li	a1,1
     4ec:	b555                	j	390 <__mulsf3+0x60>
     4ee:	4505                	li	a0,1
     4f0:	00d516b3          	sll	a3,a0,a3
     4f4:	5306f513          	andi	a0,a3,1328
     4f8:	ed05                	bnez	a0,530 <__mulsf3+0x200>
     4fa:	2406f613          	andi	a2,a3,576
     4fe:	e249                	bnez	a2,580 <__mulsf3+0x250>
     500:	0886f693          	andi	a3,a3,136
     504:	ea0689e3          	beqz	a3,3b6 <__mulsf3+0x86>
     508:	8326                	mv	t1,s1
     50a:	4709                	li	a4,2
     50c:	08e58063          	beq	a1,a4,58c <__mulsf3+0x25c>
     510:	470d                	li	a4,3
     512:	06e58763          	beq	a1,a4,580 <__mulsf3+0x250>
     516:	4705                	li	a4,1
     518:	f0e59ce3          	bne	a1,a4,430 <__mulsf3+0x100>
     51c:	4701                	li	a4,0
     51e:	4501                	li	a0,0
     520:	b7a9                	j	46a <__mulsf3+0x13a>
     522:	453d                	li	a0,15
     524:	04a68e63          	beq	a3,a0,580 <__mulsf3+0x250>
     528:	452d                	li	a0,11
     52a:	8322                	mv	t1,s0
     52c:	fca68ee3          	beq	a3,a0,508 <__mulsf3+0x1d8>
     530:	87ba                	mv	a5,a4
     532:	85b2                	mv	a1,a2
     534:	bfd9                	j	50a <__mulsf3+0x1da>
     536:	4282                	lw	t0,0(sp)
     538:	bde5                	j	430 <__mulsf3+0x100>
     53a:	4685                	li	a3,1
     53c:	c519                	beqz	a0,54a <__mulsf3+0x21a>
     53e:	8e89                	sub	a3,a3,a0
     540:	466d                	li	a2,27
     542:	4701                	li	a4,0
     544:	4501                	li	a0,0
     546:	f2d642e3          	blt	a2,a3,46a <__mulsf3+0x13a>
     54a:	09e28293          	addi	t0,t0,158
     54e:	00d7d6b3          	srl	a3,a5,a3
     552:	005797b3          	sll	a5,a5,t0
     556:	00f037b3          	snez	a5,a5
     55a:	00f6e733          	or	a4,a3,a5
     55e:	00777793          	andi	a5,a4,7
     562:	c799                	beqz	a5,570 <__mulsf3+0x240>
     564:	00f77793          	andi	a5,a4,15
     568:	4691                	li	a3,4
     56a:	00d78363          	beq	a5,a3,570 <__mulsf3+0x240>
     56e:	0711                	addi	a4,a4,4
     570:	040007b7          	lui	a5,0x4000
     574:	8ff9                	and	a5,a5,a4
     576:	830d                	srli	a4,a4,0x3
     578:	d3dd                	beqz	a5,51e <__mulsf3+0x1ee>
     57a:	4701                	li	a4,0
     57c:	4505                	li	a0,1
     57e:	b5f5                	j	46a <__mulsf3+0x13a>
     580:	00400737          	lui	a4,0x400
     584:	0ff00513          	li	a0,255
     588:	4301                	li	t1,0
     58a:	b5c5                	j	46a <__mulsf3+0x13a>
     58c:	4701                	li	a4,0
     58e:	0ff00513          	li	a0,255
     592:	bde1                	j	46a <__mulsf3+0x13a>

00000594 <__fixunssfsi>:
     594:	01755793          	srli	a5,a0,0x17
     598:	00800637          	lui	a2,0x800
     59c:	fff60693          	addi	a3,a2,-1 # 7fffff <lib_gpioctrl.c.3fa61c1f+0x7fdc16>
     5a0:	0ff7f793          	zext.b	a5,a5
     5a4:	07e00593          	li	a1,126
     5a8:	8ee9                	and	a3,a3,a0
     5aa:	01f55713          	srli	a4,a0,0x1f
     5ae:	4501                	li	a0,0
     5b0:	02f5da63          	bge	a1,a5,5e4 <__fixunssfsi+0x50>
     5b4:	eb05                	bnez	a4,5e4 <__fixunssfsi+0x50>
     5b6:	09e00713          	li	a4,158
     5ba:	557d                	li	a0,-1
     5bc:	02f74463          	blt	a4,a5,5e4 <__fixunssfsi+0x50>
     5c0:	09500713          	li	a4,149
     5c4:	00c6e533          	or	a0,a3,a2
     5c8:	00f75763          	bge	a4,a5,5d6 <__fixunssfsi+0x42>
     5cc:	f6a78793          	addi	a5,a5,-150 # 3ffff6a <lib_gpioctrl.c.3fa61c1f+0x3ffdb81>
     5d0:	00f51533          	sll	a0,a0,a5
     5d4:	8082                	ret
     5d6:	09600713          	li	a4,150
     5da:	40f707b3          	sub	a5,a4,a5
     5de:	00f55533          	srl	a0,a0,a5
     5e2:	8082                	ret
     5e4:	8082                	ret

000005e6 <__floatsisf>:
     5e6:	1151                	addi	sp,sp,-12
     5e8:	c406                	sw	ra,8(sp)
     5ea:	c222                	sw	s0,4(sp)
     5ec:	c026                	sw	s1,0(sp)
     5ee:	c54d                	beqz	a0,698 <__floatsisf+0xb2>
     5f0:	41f55793          	srai	a5,a0,0x1f
     5f4:	00a7c433          	xor	s0,a5,a0
     5f8:	8c1d                	sub	s0,s0,a5
     5fa:	01f55493          	srli	s1,a0,0x1f
     5fe:	8522                	mv	a0,s0
     600:	2a2d                	jal	73a <__clzsi2>
     602:	87aa                	mv	a5,a0
     604:	09e00513          	li	a0,158
     608:	8d1d                	sub	a0,a0,a5
     60a:	09600713          	li	a4,150
     60e:	02a74363          	blt	a4,a0,634 <__floatsisf+0x4e>
     612:	4721                	li	a4,8
     614:	08e78563          	beq	a5,a4,69e <__floatsisf+0xb8>
     618:	17e1                	addi	a5,a5,-8
     61a:	00f41433          	sll	s0,s0,a5
     61e:	0426                	slli	s0,s0,0x9
     620:	8025                	srli	s0,s0,0x9
     622:	055e                	slli	a0,a0,0x17
     624:	40a2                	lw	ra,8(sp)
     626:	8d41                	or	a0,a0,s0
     628:	4412                	lw	s0,4(sp)
     62a:	04fe                	slli	s1,s1,0x1f
     62c:	8d45                	or	a0,a0,s1
     62e:	4482                	lw	s1,0(sp)
     630:	0131                	addi	sp,sp,12
     632:	8082                	ret
     634:	09900713          	li	a4,153
     638:	04a75863          	bge	a4,a0,688 <__floatsisf+0xa2>
     63c:	4695                	li	a3,5
     63e:	01b78713          	addi	a4,a5,27
     642:	00e41733          	sll	a4,s0,a4
     646:	8e9d                	sub	a3,a3,a5
     648:	00d456b3          	srl	a3,s0,a3
     64c:	00e03733          	snez	a4,a4
     650:	00e6e433          	or	s0,a3,a4
     654:	fc000737          	lui	a4,0xfc000
     658:	177d                	addi	a4,a4,-1 # fbffffff <__global_pointer$+0xdbfff7ff>
     65a:	00747693          	andi	a3,s0,7
     65e:	8f61                	and	a4,a4,s0
     660:	c691                	beqz	a3,66c <__floatsisf+0x86>
     662:	883d                	andi	s0,s0,15
     664:	4691                	li	a3,4
     666:	00d40363          	beq	s0,a3,66c <__floatsisf+0x86>
     66a:	0711                	addi	a4,a4,4
     66c:	040006b7          	lui	a3,0x4000
     670:	8ef9                	and	a3,a3,a4
     672:	ca81                	beqz	a3,682 <__floatsisf+0x9c>
     674:	fc0006b7          	lui	a3,0xfc000
     678:	16fd                	addi	a3,a3,-1 # fbffffff <__global_pointer$+0xdbfff7ff>
     67a:	09f00513          	li	a0,159
     67e:	8f75                	and	a4,a4,a3
     680:	8d1d                	sub	a0,a0,a5
     682:	00375413          	srli	s0,a4,0x3
     686:	bf61                	j	61e <__floatsisf+0x38>
     688:	4695                	li	a3,5
     68a:	ffb78713          	addi	a4,a5,-5
     68e:	fcd783e3          	beq	a5,a3,654 <__floatsisf+0x6e>
     692:	00e41433          	sll	s0,s0,a4
     696:	bf7d                	j	654 <__floatsisf+0x6e>
     698:	4481                	li	s1,0
     69a:	4401                	li	s0,0
     69c:	b749                	j	61e <__floatsisf+0x38>
     69e:	09600513          	li	a0,150
     6a2:	bfb5                	j	61e <__floatsisf+0x38>

000006a4 <__mulsi3>:
     6a4:	862a                	mv	a2,a0
     6a6:	4501                	li	a0,0
     6a8:	0015f693          	andi	a3,a1,1
     6ac:	c291                	beqz	a3,6b0 <__mulsi3+0xc>
     6ae:	9532                	add	a0,a0,a2
     6b0:	8185                	srli	a1,a1,0x1
     6b2:	0606                	slli	a2,a2,0x1
     6b4:	f9f5                	bnez	a1,6a8 <__mulsi3+0x4>
     6b6:	8082                	ret
     6b8:	0000                	unimp
	...

000006bc <__divsi3>:
     6bc:	02054e63          	bltz	a0,6f8 <__umodsi3+0x8>
     6c0:	0405c363          	bltz	a1,706 <__umodsi3+0x16>

000006c4 <__hidden___udivsi3>:
     6c4:	862e                	mv	a2,a1
     6c6:	85aa                	mv	a1,a0
     6c8:	557d                	li	a0,-1
     6ca:	c215                	beqz	a2,6ee <__hidden___udivsi3+0x2a>
     6cc:	4685                	li	a3,1
     6ce:	00b67863          	bgeu	a2,a1,6de <__hidden___udivsi3+0x1a>
     6d2:	00c05663          	blez	a2,6de <__hidden___udivsi3+0x1a>
     6d6:	0606                	slli	a2,a2,0x1
     6d8:	0686                	slli	a3,a3,0x1
     6da:	feb66ce3          	bltu	a2,a1,6d2 <__hidden___udivsi3+0xe>
     6de:	4501                	li	a0,0
     6e0:	00c5e463          	bltu	a1,a2,6e8 <__hidden___udivsi3+0x24>
     6e4:	8d91                	sub	a1,a1,a2
     6e6:	8d55                	or	a0,a0,a3
     6e8:	8285                	srli	a3,a3,0x1
     6ea:	8205                	srli	a2,a2,0x1
     6ec:	faf5                	bnez	a3,6e0 <__hidden___udivsi3+0x1c>
     6ee:	8082                	ret

000006f0 <__umodsi3>:
     6f0:	8286                	mv	t0,ra
     6f2:	3fc9                	jal	6c4 <__hidden___udivsi3>
     6f4:	852e                	mv	a0,a1
     6f6:	8282                	jr	t0
     6f8:	40a00533          	neg	a0,a0
     6fc:	00b04763          	bgtz	a1,70a <__umodsi3+0x1a>
     700:	40b005b3          	neg	a1,a1
     704:	b7c1                	j	6c4 <__hidden___udivsi3>
     706:	40b005b3          	neg	a1,a1
     70a:	8286                	mv	t0,ra
     70c:	3f65                	jal	6c4 <__hidden___udivsi3>
     70e:	40a00533          	neg	a0,a0
     712:	8282                	jr	t0

00000714 <__modsi3>:
     714:	8286                	mv	t0,ra
     716:	0005c763          	bltz	a1,724 <__modsi3+0x10>
     71a:	00054963          	bltz	a0,72c <__modsi3+0x18>
     71e:	375d                	jal	6c4 <__hidden___udivsi3>
     720:	852e                	mv	a0,a1
     722:	8282                	jr	t0
     724:	40b005b3          	neg	a1,a1
     728:	fe055be3          	bgez	a0,71e <__modsi3+0xa>
     72c:	40a00533          	neg	a0,a0
     730:	3f51                	jal	6c4 <__hidden___udivsi3>
     732:	40b00533          	neg	a0,a1
     736:	8282                	jr	t0
	...

0000073a <__clzsi2>:
     73a:	67c1                	lui	a5,0x10
     73c:	02f57563          	bgeu	a0,a5,766 <__clzsi2+0x2c>
     740:	10053793          	sltiu	a5,a0,256
     744:	0017c793          	xori	a5,a5,1
     748:	078e                	slli	a5,a5,0x3
     74a:	6705                	lui	a4,0x1
     74c:	02000693          	li	a3,32
     750:	8e9d                	sub	a3,a3,a5
     752:	00f55533          	srl	a0,a0,a5
     756:	f2c70793          	addi	a5,a4,-212 # f2c <__clz_tab>
     75a:	97aa                	add	a5,a5,a0
     75c:	0007c503          	lbu	a0,0(a5) # 10000 <lib_gpioctrl.c.3fa61c1f+0xdc17>
     760:	40a68533          	sub	a0,a3,a0
     764:	8082                	ret
     766:	01000737          	lui	a4,0x1000
     76a:	47c1                	li	a5,16
     76c:	fce56fe3          	bltu	a0,a4,74a <__clzsi2+0x10>
     770:	47e1                	li	a5,24
     772:	bfe1                	j	74a <__clzsi2+0x10>

00000774 <mini_pad>:
     774:	1131                	addi	sp,sp,-20
     776:	c426                	sw	s1,8(sp)
     778:	c806                	sw	ra,16(sp)
     77a:	c622                	sw	s0,12(sp)
     77c:	84ae                	mv	s1,a1
     77e:	87aa                	mv	a5,a0
     780:	85b2                	mv	a1,a2
     782:	c699                	beqz	a3,790 <mini_pad+0x1c>
     784:	4301                	li	t1,0
     786:	0096d763          	bge	a3,s1,794 <mini_pad+0x20>
     78a:	84b6                	mv	s1,a3
     78c:	4305                	li	t1,1
     78e:	a019                	j	794 <mini_pad+0x20>
     790:	4301                	li	t1,0
     792:	86a6                	mv	a3,s1
     794:	40968433          	sub	s0,a3,s1
     798:	00045363          	bgez	s0,79e <mini_pad+0x2a>
     79c:	4401                	li	s0,0
     79e:	8622                	mv	a2,s0
     7a0:	853a                	mv	a0,a4
     7a2:	c23e                	sw	a5,4(sp)
     7a4:	c01a                	sw	t1,0(sp)
     7a6:	2b69                	jal	d40 <memset>
     7a8:	4302                	lw	t1,0(sp)
     7aa:	4792                	lw	a5,4(sp)
     7ac:	872a                	mv	a4,a0
     7ae:	008506b3          	add	a3,a0,s0
     7b2:	4601                	li	a2,0
     7b4:	40c485b3          	sub	a1,s1,a2
     7b8:	04b04263          	bgtz	a1,7fc <mini_pad+0x88>
     7bc:	0004d363          	bgez	s1,7c2 <mini_pad+0x4e>
     7c0:	4481                	li	s1,0
     7c2:	009685b3          	add	a1,a3,s1
     7c6:	40e58533          	sub	a0,a1,a4
     7ca:	02030463          	beqz	t1,7f2 <mini_pad+0x7e>
     7ce:	02b77263          	bgeu	a4,a1,7f2 <mini_pad+0x7e>
     7d2:	02a00793          	li	a5,42
     7d6:	fef58fa3          	sb	a5,-1(a1) # 3ffffff <lib_gpioctrl.c.3fa61c1f+0x3ffdc16>
     7da:	fff58693          	addi	a3,a1,-1
     7de:	00d77a63          	bgeu	a4,a3,7f2 <mini_pad+0x7e>
     7e2:	fef58f23          	sb	a5,-2(a1)
     7e6:	ffe58693          	addi	a3,a1,-2
     7ea:	00d77463          	bgeu	a4,a3,7f2 <mini_pad+0x7e>
     7ee:	fef58ea3          	sb	a5,-3(a1)
     7f2:	40c2                	lw	ra,16(sp)
     7f4:	4432                	lw	s0,12(sp)
     7f6:	44a2                	lw	s1,8(sp)
     7f8:	0151                	addi	sp,sp,20
     7fa:	8082                	ret
     7fc:	00c785b3          	add	a1,a5,a2
     800:	0005c503          	lbu	a0,0(a1)
     804:	00c685b3          	add	a1,a3,a2
     808:	0605                	addi	a2,a2,1
     80a:	00a58023          	sb	a0,0(a1)
     80e:	b75d                	j	7b4 <mini_pad+0x40>

00000810 <mini_itoa.part.0>:
     810:	1101                	addi	sp,sp,-32
     812:	ce06                	sw	ra,28(sp)
     814:	cc22                	sw	s0,24(sp)
     816:	ca26                	sw	s1,20(sp)
     818:	c002                	sw	zero,0(sp)
     81a:	832a                	mv	t1,a0
     81c:	00055763          	bgez	a0,82a <mini_itoa.part.0+0x1a>
     820:	e689                	bnez	a3,82a <mini_itoa.part.0+0x1a>
     822:	4785                	li	a5,1
     824:	40a00333          	neg	t1,a0
     828:	c03e                	sw	a5,0(sp)
     82a:	8a05                	andi	a2,a2,1
     82c:	06100413          	li	s0,97
     830:	c219                	beqz	a2,836 <mini_itoa.part.0+0x26>
     832:	04100413          	li	s0,65
     836:	84ba                	mv	s1,a4
     838:	1459                	addi	s0,s0,-10
     83a:	851a                	mv	a0,t1
     83c:	c83a                	sw	a4,16(sp)
     83e:	c21a                	sw	t1,4(sp)
     840:	c62e                	sw	a1,12(sp)
     842:	c41a                	sw	t1,8(sp)
     844:	3575                	jal	6f0 <__umodsi3>
     846:	47a5                	li	a5,9
     848:	4322                	lw	t1,8(sp)
     84a:	45b2                	lw	a1,12(sp)
     84c:	4742                	lw	a4,16(sp)
     84e:	0ff57693          	zext.b	a3,a0
     852:	06a7e163          	bltu	a5,a0,8b4 <mini_itoa.part.0+0xa4>
     856:	03068693          	addi	a3,a3,48
     85a:	0ff6f693          	zext.b	a3,a3
     85e:	00148793          	addi	a5,s1,1
     862:	00d48023          	sb	a3,0(s1)
     866:	851a                	mv	a0,t1
     868:	c83a                	sw	a4,16(sp)
     86a:	c63e                	sw	a5,12(sp)
     86c:	c42e                	sw	a1,8(sp)
     86e:	3d99                	jal	6c4 <__hidden___udivsi3>
     870:	4692                	lw	a3,4(sp)
     872:	45a2                	lw	a1,8(sp)
     874:	47b2                	lw	a5,12(sp)
     876:	4742                	lw	a4,16(sp)
     878:	832a                	mv	t1,a0
     87a:	02b6fb63          	bgeu	a3,a1,8b0 <mini_itoa.part.0+0xa0>
     87e:	4682                	lw	a3,0(sp)
     880:	c699                	beqz	a3,88e <mini_itoa.part.0+0x7e>
     882:	02d00693          	li	a3,45
     886:	00d78023          	sb	a3,0(a5)
     88a:	00248793          	addi	a5,s1,2
     88e:	40e78533          	sub	a0,a5,a4
     892:	01f55693          	srli	a3,a0,0x1f
     896:	96aa                	add	a3,a3,a0
     898:	00078023          	sb	zero,0(a5)
     89c:	8685                	srai	a3,a3,0x1
     89e:	4601                	li	a2,0
     8a0:	17fd                	addi	a5,a5,-1
     8a2:	00d64b63          	blt	a2,a3,8b8 <mini_itoa.part.0+0xa8>
     8a6:	40f2                	lw	ra,28(sp)
     8a8:	4462                	lw	s0,24(sp)
     8aa:	44d2                	lw	s1,20(sp)
     8ac:	6105                	addi	sp,sp,32
     8ae:	8082                	ret
     8b0:	84be                	mv	s1,a5
     8b2:	b761                	j	83a <mini_itoa.part.0+0x2a>
     8b4:	96a2                	add	a3,a3,s0
     8b6:	b755                	j	85a <mini_itoa.part.0+0x4a>
     8b8:	00c705b3          	add	a1,a4,a2
     8bc:	0007c283          	lbu	t0,0(a5)
     8c0:	0005c303          	lbu	t1,0(a1)
     8c4:	0605                	addi	a2,a2,1
     8c6:	00558023          	sb	t0,0(a1)
     8ca:	00678023          	sb	t1,0(a5)
     8ce:	bfc9                	j	8a0 <mini_itoa.part.0+0x90>

000008d0 <get_joystick_values>:
inline uint16_t gpio_analog_read(const GPIO_ANALOG_CHANNEL chan)
{
	// Set rule channel conversion for single conversion on passed channel
	// GPIO_ADC1->RSQR1 = 0;
	// GPIO_ADC1->RSQR2 = 0;
	GPIO_ADC1->RSQR3 = (uint32_t)chan;
     8d0:	400127b7          	lui	a5,0x40012
     8d4:	40078793          	addi	a5,a5,1024 # 40012400 <__global_pointer$+0x20011c00>
     8d8:	dbc8                	sw	a0,52(a5)

	GPIO_ADC1->CTLR2 |= ADC_SWSTART;
     8da:	4798                	lw	a4,8(a5)
     8dc:	004006b7          	lui	a3,0x400
     8e0:	8f55                	or	a4,a4,a3
     8e2:	c798                	sw	a4,8(a5)
	while(!(GPIO_ADC1->STATR & ADC_EOC));
     8e4:	4398                	lw	a4,0(a5)
     8e6:	8b09                	andi	a4,a4,2
     8e8:	df75                	beqz	a4,8e4 <get_joystick_values+0x14>

	// Get the resulting data from the ADC
	return GPIO_ADC1->RDATAR;
     8ea:	47fc                	lw	a5,76(a5)
	// Get the current value directly from the ADC Channel
	axis->cur = gpio_analog_read(chan);

	// TODO: Make this neater
	// Adjust the ends of travel if they are exceeded
	if(axis->cur > axis->max)
     8ec:	0025d703          	lhu	a4,2(a1)
     8f0:	07c2                	slli	a5,a5,0x10
     8f2:	83c1                	srli	a5,a5,0x10
	axis->cur = gpio_analog_read(chan);
     8f4:	00f59223          	sh	a5,4(a1)
	if(axis->cur > axis->max)
     8f8:	00f77563          	bgeu	a4,a5,902 <get_joystick_values+0x32>
	{
		axis->max = axis->cur;
     8fc:	00f59123          	sh	a5,2(a1)
     900:	8082                	ret
	} else if (axis->cur < axis->min)
     902:	0005d703          	lhu	a4,0(a1)
     906:	00e7f463          	bgeu	a5,a4,90e <get_joystick_values+0x3e>
	{
		axis->min = axis->cur;
     90a:	00f59023          	sh	a5,0(a1)
	}
}
     90e:	8082                	ret

00000910 <get_joystick_mapped>:
/// @brief maps the raw ADC joystick values to a new range between 
/// 0 and AXIS_MAXIMUM. Also applies deadzones
/// @param joystick_axis_t, axis to remap
/// @return none
void get_joystick_mapped(joystick_axis_t *axis)
{
     910:	1141                	addi	sp,sp,-16
     912:	c422                	sw	s0,8(sp)
     914:	c226                	sw	s1,4(sp)
     916:	842a                	mv	s0,a0
	// Map the ADC Value into the new range
	float slope = (float)AXIS_MAXIMUM / (axis->max - axis->min);
     918:	00055483          	lhu	s1,0(a0)
     91c:	00255503          	lhu	a0,2(a0)
{
     920:	c606                	sw	ra,12(sp)
	float slope = (float)AXIS_MAXIMUM / (axis->max - axis->min);
     922:	8d05                	sub	a0,a0,s1
     924:	31c9                	jal	5e6 <__floatsisf>
     926:	85aa                	mv	a1,a0
     928:	8181a503          	lw	a0,-2024(gp) # 20000018 <axis_rot+0x8>
     92c:	f74ff0ef          	jal	a0 <__divsf3>
     930:	c02a                	sw	a0,0(sp)
	axis->mapped = slope * (axis->cur - axis->min);
     932:	00445503          	lhu	a0,4(s0)
     936:	8d05                	sub	a0,a0,s1
     938:	317d                	jal	5e6 <__floatsisf>
     93a:	85aa                	mv	a1,a0
     93c:	4502                	lw	a0,0(sp)
     93e:	3acd                	jal	330 <__mulsf3>
     940:	3991                	jal	594 <__fixunssfsi>
     942:	0542                	slli	a0,a0,0x10
     944:	8141                	srli	a0,a0,0x10

	// Apply deadzone checks
	if(axis->mapped >= AXIS_HYST_FLOOR && axis->mapped <= AXIS_HYST_CEIL)
     946:	f9450793          	addi	a5,a0,-108
     94a:	07c2                	slli	a5,a5,0x10
     94c:	83c1                	srli	a5,a5,0x10
     94e:	02800713          	li	a4,40
     952:	00f76463          	bltu	a4,a5,95a <get_joystick_mapped+0x4a>
		axis->mapped = AXIS_HYST_MIDL;
     956:	08000513          	li	a0,128
     95a:	00a41323          	sh	a0,6(s0)
}
     95e:	40b2                	lw	ra,12(sp)
     960:	4422                	lw	s0,8(sp)
     962:	4492                	lw	s1,4(sp)
     964:	0141                	addi	sp,sp,16
     966:	8082                	ret

00000968 <gpio_set_mode>:
	GPIO_RCC->APB2PCENR |= (RCC_APB2PCENR_AFIO | (RCC_APB2PCENR_IOPxEN << byte[0]));
     968:	400216b7          	lui	a3,0x40021
     96c:	4e90                	lw	a2,24(a3)
     96e:	4791                	li	a5,4
     970:	00a797b3          	sll	a5,a5,a0
     974:	8fd1                	or	a5,a5,a2
     976:	0017e793          	ori	a5,a5,1
     97a:	ce9c                	sw	a5,24(a3)
     97c:	0ff57713          	zext.b	a4,a0
	GPIO_PORT_MAP[ byte[0] ]->CFGLR &=        ~(0x0F  << (4 * byte[1]));
     980:	6785                	lui	a5,0x1
     982:	070a                	slli	a4,a4,0x2
     984:	05078793          	addi	a5,a5,80 # 1050 <GPIO_PORT_MAP>
     988:	97ba                	add	a5,a5,a4
     98a:	4398                	lw	a4,0(a5)
     98c:	8121                	srli	a0,a0,0x8
     98e:	0ff57513          	zext.b	a0,a0
     992:	4310                	lw	a2,0(a4)
     994:	00251693          	slli	a3,a0,0x2
     998:	47bd                	li	a5,15
     99a:	00d797b3          	sll	a5,a5,a3
     99e:	fff7c793          	not	a5,a5
     9a2:	8ff1                	and	a5,a5,a2
     9a4:	c31c                	sw	a5,0(a4)
	GPIO_PORT_MAP[ byte[0] ]->CFGLR |=  (mode & 0x0F) << (4 * byte[1]);
     9a6:	4310                	lw	a2,0(a4)
     9a8:	00f5f793          	andi	a5,a1,15
     9ac:	00d797b3          	sll	a5,a5,a3
     9b0:	8fd1                	or	a5,a5,a2
     9b2:	c31c                	sw	a5,0(a4)
	if(mode == INPUT_PULLUP || mode == INPUT_PULLDOWN)
     9b4:	fef5f693          	andi	a3,a1,-17
     9b8:	47a1                	li	a5,8
     9ba:	00f69963          	bne	a3,a5,9cc <gpio_set_mode+0x64>
	uint32_t mask = 0x01 << byte[1];          // Shift by pin number
     9be:	4785                	li	a5,1
		gpio_digital_write(pin, mode >> 4);
     9c0:	8191                	srli	a1,a1,0x4
	uint32_t mask = 0x01 << byte[1];          // Shift by pin number
     9c2:	00a797b3          	sll	a5,a5,a0
	if(state == GPIO_LOW) mask = mask << 16;  // Shift by 16 if LOW, to Reset
     9c6:	e191                	bnez	a1,9ca <gpio_set_mode+0x62>
     9c8:	07c2                	slli	a5,a5,0x10
	GPIO_PORT_MAP[ byte[0] ]->BSHR = mask;
     9ca:	cb1c                	sw	a5,16(a4)
}
     9cc:	8082                	ret

000009ce <internal_handle_input.constprop.0>:
     9ce:	e00007b7          	lui	a5,0xe0000
     9d2:	0f478793          	addi	a5,a5,244 # e00000f4 <__global_pointer$+0xbffff8f4>
     9d6:	439c                	lw	a5,0(a5)
     9d8:	8082                	ret

000009da <_write.constprop.0>:
     9da:	1101                	addi	sp,sp,-32
     9dc:	cc22                	sw	s0,24(sp)
     9de:	ce06                	sw	ra,28(sp)
     9e0:	ca26                	sw	s1,20(sp)
     9e2:	c02a                	sw	a0,0(sp)
     9e4:	c802                	sw	zero,16(sp)
     9e6:	842e                	mv	s0,a1
     9e8:	e1f9                	bnez	a1,aae <_write.constprop.0+0xd4>
     9ea:	e00007b7          	lui	a5,0xe0000
     9ee:	0f478793          	addi	a5,a5,244 # e00000f4 <__global_pointer$+0xbffff8f4>
     9f2:	439c                	lw	a5,0(a5)
     9f4:	c789                	beqz	a5,9fe <_write.constprop.0+0x24>
     9f6:	0807f793          	andi	a5,a5,128
     9fa:	e391                	bnez	a5,9fe <_write.constprop.0+0x24>
     9fc:	3fc9                	jal	9ce <internal_handle_input.constprop.0>
     9fe:	40f2                	lw	ra,28(sp)
     a00:	8522                	mv	a0,s0
     a02:	4462                	lw	s0,24(sp)
     a04:	44d2                	lw	s1,20(sp)
     a06:	6105                	addi	sp,sp,32
     a08:	8082                	ret
     a0a:	409406b3          	sub	a3,s0,s1
     a0e:	461d                	li	a2,7
     a10:	8736                	mv	a4,a3
     a12:	00d65363          	bge	a2,a3,a18 <_write.constprop.0+0x3e>
     a16:	471d                	li	a4,7
     a18:	00027637          	lui	a2,0x27
     a1c:	10160613          	addi	a2,a2,257 # 27101 <lib_gpioctrl.c.3fa61c1f+0x24d18>
     a20:	00032583          	lw	a1,0(t1)
     a24:	0805f513          	andi	a0,a1,128
     a28:	ed3d                	bnez	a0,aa6 <_write.constprop.0+0xcc>
     a2a:	c981                	beqz	a1,a3a <_write.constprop.0+0x60>
     a2c:	c61a                	sw	t1,12(sp)
     a2e:	c43a                	sw	a4,8(sp)
     a30:	c236                	sw	a3,4(sp)
     a32:	3f71                	jal	9ce <internal_handle_input.constprop.0>
     a34:	4332                	lw	t1,12(sp)
     a36:	4722                	lw	a4,8(sp)
     a38:	4692                	lw	a3,4(sp)
     a3a:	0036a693          	slti	a3,a3,3
     a3e:	4601                	li	a2,0
     a40:	e299                	bnez	a3,a46 <_write.constprop.0+0x6c>
     a42:	ffd70613          	addi	a2,a4,-3 # fffffd <lib_gpioctrl.c.3fa61c1f+0xffdc14>
     a46:	4782                	lw	a5,0(sp)
     a48:	00348593          	addi	a1,s1,3
     a4c:	0808                	addi	a0,sp,16
     a4e:	95be                	add	a1,a1,a5
     a50:	c41a                	sw	t1,8(sp)
     a52:	c23a                	sw	a4,4(sp)
     a54:	2cfd                	jal	d52 <memcpy>
     a56:	4642                	lw	a2,16(sp)
     a58:	4782                	lw	a5,0(sp)
     a5a:	e00006b7          	lui	a3,0xe0000
     a5e:	4322                	lw	t1,8(sp)
     a60:	4712                	lw	a4,4(sp)
     a62:	0f868693          	addi	a3,a3,248 # e00000f8 <__global_pointer$+0xbffff8f8>
     a66:	c290                	sw	a2,0(a3)
     a68:	458d                	li	a1,3
     a6a:	00978633          	add	a2,a5,s1
     a6e:	4681                	li	a3,0
     a70:	00064283          	lbu	t0,0(a2)
     a74:	0685                	addi	a3,a3,1
     a76:	01068793          	addi	a5,a3,16
     a7a:	00278533          	add	a0,a5,sp
     a7e:	00550023          	sb	t0,0(a0)
     a82:	00d70563          	beq	a4,a3,a8c <_write.constprop.0+0xb2>
     a86:	0605                	addi	a2,a2,1
     a88:	feb694e3          	bne	a3,a1,a70 <_write.constprop.0+0x96>
     a8c:	00470693          	addi	a3,a4,4
     a90:	f806e693          	ori	a3,a3,-128
     a94:	00d10823          	sb	a3,16(sp)
     a98:	46c2                	lw	a3,16(sp)
     a9a:	94ba                	add	s1,s1,a4
     a9c:	00d32023          	sw	a3,0(t1)
     aa0:	f684c5e3          	blt	s1,s0,a0a <_write.constprop.0+0x30>
     aa4:	bfa9                	j	9fe <_write.constprop.0+0x24>
     aa6:	167d                	addi	a2,a2,-1
     aa8:	fe25                	bnez	a2,a20 <_write.constprop.0+0x46>
     aaa:	8426                	mv	s0,s1
     aac:	bf89                	j	9fe <_write.constprop.0+0x24>
     aae:	e0000337          	lui	t1,0xe0000
     ab2:	4481                	li	s1,0
     ab4:	0f430313          	addi	t1,t1,244 # e00000f4 <__global_pointer$+0xbffff8f4>
     ab8:	b7e5                	j	aa0 <_write.constprop.0+0xc6>

00000aba <__puts_uart>:
     aba:	1151                	addi	sp,sp,-12
     abc:	c222                	sw	s0,4(sp)
     abe:	c406                	sw	ra,8(sp)
     ac0:	842e                	mv	s0,a1
     ac2:	3f21                	jal	9da <_write.constprop.0>
     ac4:	40a2                	lw	ra,8(sp)
     ac6:	8522                	mv	a0,s0
     ac8:	4412                	lw	s0,4(sp)
     aca:	0131                	addi	sp,sp,12
     acc:	8082                	ret

00000ace <handle_reset>:
     ace:	20000197          	auipc	gp,0x20000
     ad2:	d3218193          	addi	gp,gp,-718 # 20000800 <__global_pointer$>
     ad6:	00018113          	mv	sp,gp
     ada:	08000513          	li	a0,128
     ade:	30051073          	csrw	mstatus,a0
     ae2:	468d                	li	a3,3
     ae4:	fffff517          	auipc	a0,0xfffff
     ae8:	51c50513          	addi	a0,a0,1308 # 0 <InterruptVector>
     aec:	8d55                	or	a0,a0,a3
     aee:	30551073          	csrw	mtvec,a0
     af2:	81c18513          	addi	a0,gp,-2020 # 2000001c <_ebss>
     af6:	81c18593          	addi	a1,gp,-2020 # 2000001c <_ebss>
     afa:	4601                	li	a2,0
     afc:	00b55663          	bge	a0,a1,b08 <handle_reset+0x3a>
     b00:	c110                	sw	a2,0(a0)
     b02:	0511                	addi	a0,a0,4
     b04:	feb54ee3          	blt	a0,a1,b00 <handle_reset+0x32>
     b08:	00000517          	auipc	a0,0x0
     b0c:	55850513          	addi	a0,a0,1368 # 1060 <_data_lma>
     b10:	1ffff597          	auipc	a1,0x1ffff
     b14:	4f058593          	addi	a1,a1,1264 # 20000000 <axis_ver>
     b18:	81c18613          	addi	a2,gp,-2020 # 2000001c <_ebss>
     b1c:	00c58863          	beq	a1,a2,b2c <handle_reset+0x5e>
     b20:	4114                	lw	a3,0(a0)
     b22:	c194                	sw	a3,0(a1)
     b24:	0511                	addi	a0,a0,4
     b26:	0591                	addi	a1,a1,4
     b28:	fec59ae3          	bne	a1,a2,b1c <handle_reset+0x4e>
     b2c:	e000f7b7          	lui	a5,0xe000f
     b30:	4715                	li	a4,5
     b32:	c398                	sw	a4,0(a5)
     b34:	6785                	lui	a5,0x1
     b36:	dd078793          	addi	a5,a5,-560 # dd0 <main>
     b3a:	34179073          	csrw	mepc,a5
     b3e:	30200073          	mret

00000b42 <ADC1_IRQHandler>:
     b42:	a001                	j	b42 <ADC1_IRQHandler>

00000b44 <NMI_Handler>:
     b44:	40021737          	lui	a4,0x40021
     b48:	471c                	lw	a5,8(a4)
     b4a:	008006b7          	lui	a3,0x800
     b4e:	8fd5                	or	a5,a5,a3
     b50:	c71c                	sw	a5,8(a4)

00000b52 <strlen>:
     b52:	87aa                	mv	a5,a0
     b54:	0007c703          	lbu	a4,0(a5)
     b58:	e701                	bnez	a4,b60 <strlen+0xe>
     b5a:	40a78533          	sub	a0,a5,a0
     b5e:	8082                	ret
     b60:	0785                	addi	a5,a5,1
     b62:	bfcd                	j	b54 <strlen+0x2>

00000b64 <mini_vpprintf>:
     b64:	fa410113          	addi	sp,sp,-92
     b68:	caa2                	sw	s0,84(sp)
     b6a:	c8a6                	sw	s1,80(sp)
     b6c:	cc86                	sw	ra,88(sp)
     b6e:	c02a                	sw	a0,0(sp)
     b70:	c22e                	sw	a1,4(sp)
     b72:	8432                	mv	s0,a2
     b74:	84b6                	mv	s1,a3
     b76:	ca02                	sw	zero,20(sp)
     b78:	00044783          	lbu	a5,0(s0)
     b7c:	00140693          	addi	a3,s0,1
     b80:	00f10fa3          	sb	a5,31(sp)
     b84:	eb81                	bnez	a5,b94 <mini_vpprintf+0x30>
     b86:	40e6                	lw	ra,88(sp)
     b88:	4456                	lw	s0,84(sp)
     b8a:	4552                	lw	a0,20(sp)
     b8c:	44c6                	lw	s1,80(sp)
     b8e:	05c10113          	addi	sp,sp,92
     b92:	8082                	ret
     b94:	c636                	sw	a3,12(sp)
     b96:	02500713          	li	a4,37
     b9a:	02e78063          	beq	a5,a4,bba <mini_vpprintf+0x56>
     b9e:	4612                	lw	a2,4(sp)
     ba0:	4782                	lw	a5,0(sp)
     ba2:	4585                	li	a1,1
     ba4:	01f10513          	addi	a0,sp,31
     ba8:	9782                	jalr	a5
     baa:	46b2                	lw	a3,12(sp)
     bac:	c426                	sw	s1,8(sp)
     bae:	8436                	mv	s0,a3
     bb0:	47d2                	lw	a5,20(sp)
     bb2:	44a2                	lw	s1,8(sp)
     bb4:	97aa                	add	a5,a5,a0
     bb6:	ca3e                	sw	a5,20(sp)
     bb8:	b7c1                	j	b78 <mini_vpprintf+0x14>
     bba:	00144703          	lbu	a4,1(s0)
     bbe:	03000613          	li	a2,48
     bc2:	03000693          	li	a3,48
     bc6:	00e10fa3          	sb	a4,31(sp)
     bca:	c632                	sw	a2,12(sp)
     bcc:	00240793          	addi	a5,s0,2
     bd0:	08d71263          	bne	a4,a3,c54 <mini_vpprintf+0xf0>
     bd4:	843e                	mv	s0,a5
     bd6:	4681                	li	a3,0
     bd8:	4781                	li	a5,0
     bda:	45a5                	li	a1,9
     bdc:	a811                	j	bf0 <mini_vpprintf+0x8c>
     bde:	00279713          	slli	a4,a5,0x2
     be2:	0405                	addi	s0,s0,1
     be4:	97ba                	add	a5,a5,a4
     be6:	fff44703          	lbu	a4,-1(s0)
     bea:	0786                	slli	a5,a5,0x1
     bec:	97b2                	add	a5,a5,a2
     bee:	4685                	li	a3,1
     bf0:	fd070613          	addi	a2,a4,-48 # 40020fd0 <__global_pointer$+0x200207d0>
     bf4:	0ff67513          	zext.b	a0,a2
     bf8:	fea5f3e3          	bgeu	a1,a0,bde <mini_vpprintf+0x7a>
     bfc:	c299                	beqz	a3,c02 <mini_vpprintf+0x9e>
     bfe:	00e10fa3          	sb	a4,31(sp)
     c02:	c83e                	sw	a5,16(sp)
     c04:	46e1                	li	a3,24
     c06:	00f6d363          	bge	a3,a5,c0c <mini_vpprintf+0xa8>
     c0a:	c836                	sw	a3,16(sp)
     c0c:	06c00613          	li	a2,108
     c10:	4681                	li	a3,0
     c12:	00c71863          	bne	a4,a2,c22 <mini_vpprintf+0xbe>
     c16:	00044703          	lbu	a4,0(s0)
     c1a:	4685                	li	a3,1
     c1c:	0405                	addi	s0,s0,1
     c1e:	00e10fa3          	sb	a4,31(sp)
     c22:	01f14603          	lbu	a2,31(sp)
     c26:	06400713          	li	a4,100
     c2a:	06e60563          	beq	a2,a4,c94 <mini_vpprintf+0x130>
     c2e:	02c76763          	bltu	a4,a2,c5c <mini_vpprintf+0xf8>
     c32:	05800793          	li	a5,88
     c36:	0af60063          	beq	a2,a5,cd6 <mini_vpprintf+0x172>
     c3a:	06300793          	li	a5,99
     c3e:	0af60d63          	beq	a2,a5,cf8 <mini_vpprintf+0x194>
     c42:	d231                	beqz	a2,b86 <mini_vpprintf+0x22>
     c44:	4612                	lw	a2,4(sp)
     c46:	4782                	lw	a5,0(sp)
     c48:	4585                	li	a1,1
     c4a:	01f10513          	addi	a0,sp,31
     c4e:	9782                	jalr	a5
     c50:	c426                	sw	s1,8(sp)
     c52:	bfb9                	j	bb0 <mini_vpprintf+0x4c>
     c54:	02000693          	li	a3,32
     c58:	c636                	sw	a3,12(sp)
     c5a:	bfad                	j	bd4 <mini_vpprintf+0x70>
     c5c:	07500713          	li	a4,117
     c60:	02e60a63          	beq	a2,a4,c94 <mini_vpprintf+0x130>
     c64:	07800713          	li	a4,120
     c68:	06e60763          	beq	a2,a4,cd6 <mini_vpprintf+0x172>
     c6c:	07300713          	li	a4,115
     c70:	fce61ae3          	bne	a2,a4,c44 <mini_vpprintf+0xe0>
     c74:	cc3e                	sw	a5,24(sp)
     c76:	00448793          	addi	a5,s1,4
     c7a:	4084                	lw	s1,0(s1)
     c7c:	c43e                	sw	a5,8(sp)
     c7e:	8526                	mv	a0,s1
     c80:	3dc9                	jal	b52 <strlen>
     c82:	47e2                	lw	a5,24(sp)
     c84:	85aa                	mv	a1,a0
     c86:	08f05663          	blez	a5,d12 <mini_vpprintf+0x1ae>
     c8a:	46c2                	lw	a3,16(sp)
     c8c:	4632                	lw	a2,12(sp)
     c8e:	1838                	addi	a4,sp,56
     c90:	8526                	mv	a0,s1
     c92:	a01d                	j	cb8 <mini_vpprintf+0x154>
     c94:	00448793          	addi	a5,s1,4
     c98:	c43e                	sw	a5,8(sp)
     c9a:	c695                	beqz	a3,cc6 <mini_vpprintf+0x162>
     c9c:	f8b60613          	addi	a2,a2,-117
     ca0:	1018                	addi	a4,sp,32
     ca2:	00163693          	seqz	a3,a2
     ca6:	4088                	lw	a0,0(s1)
     ca8:	4601                	li	a2,0
     caa:	45a9                	li	a1,10
     cac:	3695                	jal	810 <mini_itoa.part.0>
     cae:	46c2                	lw	a3,16(sp)
     cb0:	4632                	lw	a2,12(sp)
     cb2:	1838                	addi	a4,sp,56
     cb4:	85aa                	mv	a1,a0
     cb6:	1008                	addi	a0,sp,32
     cb8:	3c75                	jal	774 <mini_pad>
     cba:	4612                	lw	a2,4(sp)
     cbc:	85aa                	mv	a1,a0
     cbe:	1828                	addi	a0,sp,56
     cc0:	4782                	lw	a5,0(sp)
     cc2:	9782                	jalr	a5
     cc4:	b5f5                	j	bb0 <mini_vpprintf+0x4c>
     cc6:	07500793          	li	a5,117
     cca:	1018                	addi	a4,sp,32
     ccc:	4685                	li	a3,1
     cce:	fcf60ce3          	beq	a2,a5,ca6 <mini_vpprintf+0x142>
     cd2:	4681                	li	a3,0
     cd4:	bfc9                	j	ca6 <mini_vpprintf+0x142>
     cd6:	4088                	lw	a0,0(s1)
     cd8:	fa860613          	addi	a2,a2,-88
     cdc:	00448793          	addi	a5,s1,4
     ce0:	1018                	addi	a4,sp,32
     ce2:	4685                	li	a3,1
     ce4:	00163613          	seqz	a2,a2
     ce8:	45c1                	li	a1,16
     cea:	c43e                	sw	a5,8(sp)
     cec:	3615                	jal	810 <mini_itoa.part.0>
     cee:	46c2                	lw	a3,16(sp)
     cf0:	4632                	lw	a2,12(sp)
     cf2:	85aa                	mv	a1,a0
     cf4:	1838                	addi	a4,sp,56
     cf6:	b7c1                	j	cb6 <mini_vpprintf+0x152>
     cf8:	00448793          	addi	a5,s1,4
     cfc:	c43e                	sw	a5,8(sp)
     cfe:	409c                	lw	a5,0(s1)
     d00:	46c2                	lw	a3,16(sp)
     d02:	4632                	lw	a2,12(sp)
     d04:	00f10fa3          	sb	a5,31(sp)
     d08:	1838                	addi	a4,sp,56
     d0a:	4585                	li	a1,1
     d0c:	01f10513          	addi	a0,sp,31
     d10:	b765                	j	cb8 <mini_vpprintf+0x154>
     d12:	4612                	lw	a2,4(sp)
     d14:	8526                	mv	a0,s1
     d16:	b76d                	j	cc0 <mini_vpprintf+0x15c>

00000d18 <printf>:
     d18:	fdc10113          	addi	sp,sp,-36
     d1c:	ca32                	sw	a2,20(sp)
     d1e:	862a                	mv	a2,a0
     d20:	6505                	lui	a0,0x1
     d22:	c82e                	sw	a1,16(sp)
     d24:	cc36                	sw	a3,24(sp)
     d26:	4581                	li	a1,0
     d28:	0814                	addi	a3,sp,16
     d2a:	aba50513          	addi	a0,a0,-1350 # aba <__puts_uart>
     d2e:	c606                	sw	ra,12(sp)
     d30:	ce3a                	sw	a4,28(sp)
     d32:	d03e                	sw	a5,32(sp)
     d34:	c036                	sw	a3,0(sp)
     d36:	353d                	jal	b64 <mini_vpprintf>
     d38:	40b2                	lw	ra,12(sp)
     d3a:	02410113          	addi	sp,sp,36
     d3e:	8082                	ret

00000d40 <memset>:
     d40:	962a                	add	a2,a2,a0
     d42:	87aa                	mv	a5,a0
     d44:	00c79363          	bne	a5,a2,d4a <memset+0xa>
     d48:	8082                	ret
     d4a:	00b78023          	sb	a1,0(a5)
     d4e:	0785                	addi	a5,a5,1
     d50:	bfd5                	j	d44 <memset+0x4>

00000d52 <memcpy>:
     d52:	4781                	li	a5,0
     d54:	00f61363          	bne	a2,a5,d5a <memcpy+0x8>
     d58:	8082                	ret
     d5a:	00f58733          	add	a4,a1,a5
     d5e:	00074683          	lbu	a3,0(a4)
     d62:	00f50733          	add	a4,a0,a5
     d66:	0785                	addi	a5,a5,1
     d68:	00d70023          	sb	a3,0(a4)
     d6c:	b7e5                	j	d54 <memcpy+0x2>

00000d6e <SystemInit>:
     d6e:	400227b7          	lui	a5,0x40022
     d72:	4705                	li	a4,1
     d74:	c398                	sw	a4,0(a5)
     d76:	400217b7          	lui	a5,0x40021
     d7a:	01080737          	lui	a4,0x1080
     d7e:	0007a223          	sw	zero,4(a5) # 40021004 <__global_pointer$+0x20020804>
     d82:	08170713          	addi	a4,a4,129 # 1080081 <lib_gpioctrl.c.3fa61c1f+0x107dc98>
     d86:	c398                	sw	a4,0(a5)
     d88:	009f0737          	lui	a4,0x9f0
     d8c:	c798                	sw	a4,8(a5)
     d8e:	40021737          	lui	a4,0x40021
     d92:	431c                	lw	a5,0(a4)
     d94:	00679693          	slli	a3,a5,0x6
     d98:	fe06dde3          	bgez	a3,d92 <SystemInit+0x24>
     d9c:	435c                	lw	a5,4(a4)
     d9e:	400216b7          	lui	a3,0x40021
     da2:	9bf1                	andi	a5,a5,-4
     da4:	0027e793          	ori	a5,a5,2
     da8:	c35c                	sw	a5,4(a4)
     daa:	4721                	li	a4,8
     dac:	42dc                	lw	a5,4(a3)
     dae:	8bb1                	andi	a5,a5,12
     db0:	fee79ee3          	bne	a5,a4,dac <SystemInit+0x3e>
     db4:	e00007b7          	lui	a5,0xe0000
     db8:	0f878793          	addi	a5,a5,248 # e00000f8 <__global_pointer$+0xbffff8f8>
     dbc:	0007a023          	sw	zero,0(a5)
     dc0:	e00007b7          	lui	a5,0xe0000
     dc4:	0f478793          	addi	a5,a5,244 # e00000f4 <__global_pointer$+0xbffff8f4>
     dc8:	08000713          	li	a4,128
     dcc:	c398                	sw	a4,0(a5)
     dce:	8082                	ret

00000dd0 <main>:


int main()
{
     dd0:	1151                	addi	sp,sp,-12
     dd2:	c406                	sw	ra,8(sp)
     dd4:	c222                	sw	s0,4(sp)
     dd6:	c026                	sw	s1,0(sp)
	SystemInit();
     dd8:	3f59                	jal	d6e <SystemInit>
	
	// PC7 is a Digital Input, pulled HIGH
	gpio_set_mode(GPIO_PC7, INPUT_PULLUP);
     dda:	45e1                	li	a1,24
     ddc:	70200513          	li	a0,1794
     de0:	3661                	jal	968 <gpio_set_mode>

	// PD2, PD3 and PD4 are Analog Input
	gpio_set_mode(GPIO_A3, INPUT_ANALOG);
     de2:	4581                	li	a1,0
     de4:	20300513          	li	a0,515
     de8:	3641                	jal	968 <gpio_set_mode>
	gpio_set_mode(GPIO_A4, INPUT_ANALOG);
     dea:	4581                	li	a1,0
     dec:	30300513          	li	a0,771
     df0:	3ea5                	jal	968 <gpio_set_mode>
	gpio_set_mode(GPIO_A7, INPUT_ANALOG);
     df2:	4581                	li	a1,0
     df4:	40300513          	li	a0,1027
     df8:	3e85                	jal	968 <gpio_set_mode>
	GPIO_RCC->APB2PCENR |= RCC_APB2Periph_ADC1;
     dfa:	400217b7          	lui	a5,0x40021
     dfe:	4f98                	lw	a4,24(a5)
	GPIO_RCC->CFGR0 &= ~ADC_CLOCK_DIV_128;
     e00:	76c1                	lui	a3,0xffff0
     e02:	7ff68693          	addi	a3,a3,2047 # ffff07ff <__global_pointer$+0xdffeffff>
	GPIO_RCC->APB2PCENR |= RCC_APB2Periph_ADC1;
     e06:	20076713          	ori	a4,a4,512
     e0a:	cf98                	sw	a4,24(a5)
	GPIO_RCC->CFGR0 &= ~ADC_CLOCK_DIV_128;
     e0c:	43d8                	lw	a4,4(a5)
     e0e:	8f75                	and	a4,a4,a3
     e10:	c3d8                	sw	a4,4(a5)
	GPIO_RCC->CFGR0 |= div;
     e12:	43d8                	lw	a4,4(a5)
	GPIO_ADC1->CTLR2 |= ADC_ADON | ADC_EXTSEL;
     e14:	000e06b7          	lui	a3,0xe0
     e18:	0685                	addi	a3,a3,1 # e0001 <lib_gpioctrl.c.3fa61c1f+0xddc18>
	GPIO_RCC->CFGR0 |= div;
     e1a:	c3d8                	sw	a4,4(a5)
	GPIO_RCC->APB2PRSTR |=  RCC_APB2Periph_ADC1;
     e1c:	47d8                	lw	a4,12(a5)
     e1e:	20076713          	ori	a4,a4,512
     e22:	c7d8                	sw	a4,12(a5)
	GPIO_RCC->APB2PRSTR &= ~RCC_APB2Periph_ADC1;
     e24:	47d8                	lw	a4,12(a5)
     e26:	dff77713          	andi	a4,a4,-513
     e2a:	c7d8                	sw	a4,12(a5)
	GPIO_ADC1->RSQR1 = 0;
     e2c:	400127b7          	lui	a5,0x40012
     e30:	40078793          	addi	a5,a5,1024 # 40012400 <__global_pointer$+0x20011c00>
     e34:	0207a623          	sw	zero,44(a5)
	GPIO_ADC1->RSQR2 = 0;
     e38:	0207a823          	sw	zero,48(a5)
	GPIO_ADC1->SAMPTR1 = cycles;
     e3c:	36db7737          	lui	a4,0x36db7
	GPIO_ADC1->RSQR3 = 0;
     e40:	0207aa23          	sw	zero,52(a5)
	GPIO_ADC1->SAMPTR1 = cycles;
     e44:	db670713          	addi	a4,a4,-586 # 36db6db6 <__global_pointer$+0x16db65b6>
     e48:	c7d8                	sw	a4,12(a5)
	GPIO_ADC1->SAMPTR2 = cycles;
     e4a:	cb98                	sw	a4,16(a5)
	GPIO_ADC1->CTLR2 |= ADC_ADON | ADC_EXTSEL;
     e4c:	4798                	lw	a4,8(a5)
     e4e:	8f55                	or	a4,a4,a3
     e50:	c798                	sw	a4,8(a5)
	GPIO_ADC1->CTLR2 |= ADC_RSTCAL;
     e52:	4798                	lw	a4,8(a5)
     e54:	00876713          	ori	a4,a4,8
     e58:	c798                	sw	a4,8(a5)
	while(GPIO_ADC1->CTLR2 & ADC_RSTCAL);
     e5a:	4798                	lw	a4,8(a5)
     e5c:	8b21                	andi	a4,a4,8
     e5e:	ff75                	bnez	a4,e5a <main+0x8a>
	if( (GPIO_PORT_MAP[ byte[0] ]->INDR & (0x01 << byte[1])) != 0x00 ) 
     e60:	400117b7          	lui	a5,0x40011
     e64:	479c                	lw	a5,8(a5)
	{
		// Read the buttons state
		uint8_t btn_top = gpio_digital_read(BTN_TOP_PIN);

		// Read the potentiometer values
		get_joystick_values(AXIS_ROT_PIN, &axis_rot);
     e66:	81018593          	addi	a1,gp,-2032 # 20000010 <axis_rot>
     e6a:	450d                	li	a0,3
     e6c:	3495                	jal	8d0 <get_joystick_values>
		get_joystick_values(AXIS_HOR_PIN, &axis_hor);
     e6e:	200007b7          	lui	a5,0x20000
     e72:	00878593          	addi	a1,a5,8 # 20000008 <axis_hor>
     e76:	4511                	li	a0,4
     e78:	3ca1                	jal	8d0 <get_joystick_values>
		get_joystick_values(AXIS_VER_PIN, &axis_ver);
     e7a:	20000437          	lui	s0,0x20000
     e7e:	00040593          	mv	a1,s0
     e82:	451d                	li	a0,7
     e84:	34b1                	jal	8d0 <get_joystick_values>

		get_joystick_mapped(&axis_rot);
     e86:	81018513          	addi	a0,gp,-2032 # 20000010 <axis_rot>
     e8a:	3459                	jal	910 <get_joystick_mapped>
		get_joystick_mapped(&axis_hor);
     e8c:	200007b7          	lui	a5,0x20000
     e90:	00878513          	addi	a0,a5,8 # 20000008 <axis_hor>
     e94:	3cb5                	jal	910 <get_joystick_mapped>
		get_joystick_mapped(&axis_ver);
     e96:	00040513          	mv	a0,s0
     e9a:	3c9d                	jal	910 <get_joystick_mapped>

		printf("rot: %d\n", axis_rot.mapped);
     e9c:	81018713          	addi	a4,gp,-2032 # 20000010 <axis_rot>
     ea0:	00675583          	lhu	a1,6(a4)
     ea4:	6505                	lui	a0,0x1
     ea6:	02c50513          	addi	a0,a0,44 # 102c <__clz_tab+0x100>
     eaa:	35bd                	jal	d18 <printf>
		printf("hor: %d\n", axis_hor.mapped);
     eac:	200007b7          	lui	a5,0x20000
     eb0:	00878793          	addi	a5,a5,8 # 20000008 <axis_hor>
     eb4:	0067d583          	lhu	a1,6(a5)
     eb8:	6505                	lui	a0,0x1
     eba:	03850513          	addi	a0,a0,56 # 1038 <__clz_tab+0x10c>
     ebe:	3da9                	jal	d18 <printf>
		printf("ver: %d\n\n", axis_ver.mapped);
     ec0:	00040413          	mv	s0,s0
     ec4:	00645583          	lhu	a1,6(s0) # 20000006 <axis_ver+0x6>
     ec8:	6505                	lui	a0,0x1
     eca:	04450513          	addi	a0,a0,68 # 1044 <__clz_tab+0x118>
     ece:	35a9                	jal	d18 <printf>
#endif

void DelaySysTick( uint32_t n )
{
#ifdef CH32V003
	uint32_t targend = SysTick->CNT + n;
     ed0:	e000f7b7          	lui	a5,0xe000f
     ed4:	4798                	lw	a4,8(a5)
     ed6:	0024a7b7          	lui	a5,0x24a
     eda:	f0078793          	addi	a5,a5,-256 # 249f00 <lib_gpioctrl.c.3fa61c1f+0x247b17>
     ede:	973e                	add	a4,a4,a5
	while( ((int32_t)( SysTick->CNT - targend )) < 0 );
     ee0:	e000f6b7          	lui	a3,0xe000f
     ee4:	469c                	lw	a5,8(a3)
     ee6:	8f99                	sub	a5,a5,a4
     ee8:	fe07cee3          	bltz	a5,ee4 <main+0x114>
     eec:	bf95                	j	e60 <main+0x90>
     eee:	0000                	unimp
     ef0:	0328                	addi	a0,sp,392
     ef2:	0000                	unimp
     ef4:	01a2                	slli	gp,gp,0x8
     ef6:	0000                	unimp
     ef8:	02d0                	addi	a2,sp,324
     efa:	0000                	unimp
     efc:	01a2                	slli	gp,gp,0x8
     efe:	0000                	unimp
     f00:	031c                	addi	a5,sp,384
     f02:	0000                	unimp
     f04:	01a2                	slli	gp,gp,0x8
     f06:	0000                	unimp
     f08:	02d0                	addi	a2,sp,324
     f0a:	0000                	unimp
     f0c:	0328                	addi	a0,sp,392
     f0e:	0000                	unimp
     f10:	0328                	addi	a0,sp,392
     f12:	0000                	unimp
     f14:	031c                	addi	a5,sp,384
     f16:	0000                	unimp
     f18:	02d0                	addi	a2,sp,324
     f1a:	0000                	unimp
     f1c:	018a                	slli	gp,gp,0x2
     f1e:	0000                	unimp
     f20:	018a                	slli	gp,gp,0x2
     f22:	0000                	unimp
     f24:	018a                	slli	gp,gp,0x2
     f26:	0000                	unimp
     f28:	031c                	addi	a5,sp,384
	...

00000f2c <__clz_tab>:
     f2c:	0100 0202 0303 0303 0404 0404 0404 0404     ................
     f3c:	0505 0505 0505 0505 0505 0505 0505 0505     ................
     f4c:	0606 0606 0606 0606 0606 0606 0606 0606     ................
     f5c:	0606 0606 0606 0606 0606 0606 0606 0606     ................
     f6c:	0707 0707 0707 0707 0707 0707 0707 0707     ................
     f7c:	0707 0707 0707 0707 0707 0707 0707 0707     ................
     f8c:	0707 0707 0707 0707 0707 0707 0707 0707     ................
     f9c:	0707 0707 0707 0707 0707 0707 0707 0707     ................
     fac:	0808 0808 0808 0808 0808 0808 0808 0808     ................
     fbc:	0808 0808 0808 0808 0808 0808 0808 0808     ................
     fcc:	0808 0808 0808 0808 0808 0808 0808 0808     ................
     fdc:	0808 0808 0808 0808 0808 0808 0808 0808     ................
     fec:	0808 0808 0808 0808 0808 0808 0808 0808     ................
     ffc:	0808 0808 0808 0808 0808 0808 0808 0808     ................
    100c:	0808 0808 0808 0808 0808 0808 0808 0808     ................
    101c:	0808 0808 0808 0808 0808 0808 0808 0808     ................
    102c:	6f72 3a74 2520 0a64 0000 0000 6f68 3a72     rot: %d.....hor:
    103c:	2520 0a64 0000 0000 6576 3a72 2520 0a64      %d.....ver: %d.
    104c:	000a 0000                                   ....

00001050 <GPIO_PORT_MAP>:
    1050:	0800 4001 0000 0000 1000 4001 1400 4001     ...@.......@...@
